// Jest Snapshot v1, https://goo.gl/fbAQLP

exports[`Footer should render correctly 1`] = `
<footer
  className="Footer-footer-1"
>
  <div
    className="MuiGrid-container-3 MuiGrid-spacing-xs-24-26 MuiGrid-justify-xs-center-20"
  >
    <div
      className="MuiGrid-item-4 MuiGrid-grid-xs-11-40"
    >
      <p
        className="MuiTypography-root-94 MuiTypography-body1-103 MuiTypography-colorInherit-113 Footer-copyright-2"
      >
        © 2018 Broccoli & Co
      </p>
    </div>
  </div>
</footer>
`;
